###############################################################################
#
# IAR ELF Linker V9.30.1.335/W64 for ARM                  15/Dec/2023  16:34:30
# Copyright 2007-2022 IAR Systems AB.
#
#    Output file  =  C:\Users\monke\Desktop\датчики stm32\Debug\Exe\sensors.out
#    Map file     =
#        C:\Users\monke\Desktop\датчики stm32\Debug\List\sensors.map
#    Command line =
#        -f "C:\Users\monke\Desktop\датчики stm32\Debug\Exe\sensors.out.rsp"
#        ("C:\Users\monke\Desktop\датчики stm32\Debug\Obj\main.o"
#        "C:\Users\monke\Desktop\датчики stm32\Debug\Obj\startup_stm32f40xx.o"
#        --no_out_extension -o "C:\Users\monke\Desktop\датчики
#        stm32\Debug\Exe\sensors.out" --redirect _Printf=_PrintfFullNoMb
#        --redirect _Scanf=_ScanfFullNoMb --map "C:\Users\monke\Desktop\датчики
#        stm32\Debug\List\sensors.map" --config
#        D:\IAR\arm/config/linker/ST/stm32f401xC.icf --entry
#        __iar_program_start --vfe --text_out locale --cpu=Cortex-M4
#        --fpu=VFPv4_sp)
#
###############################################################################

*******************************************************************************
*** RUNTIME MODEL ATTRIBUTES
***

CppFlavor        = *
__CPP_Exceptions = Disabled
__CPP_Language   = C++14
__CPP_Library    = libc++
__CPP_Runtime    = 1
__SystemLibrary  = DLib
__dlib_version   = 6


*******************************************************************************
*** HEAP SELECTION
***

The basic heap was selected because --advanced_heap
was not specified and the application did not appear to
be primarily optimized for speed.


*******************************************************************************
*** PLACEMENT SUMMARY
***

"A0":  place at address 0x800'0000 { ro section .intvec };
"P1":  place in [from 0x800'0000 to 0x803'ffff] { ro };
define block CSTACK with size = 8K, alignment = 8 { };
define block HEAP with size = 8K, alignment = 8 { };
"P2":  place in [from 0x2000'0000 to 0x2000'ffff] {
          rw, block CSTACK, block HEAP };
initialize by copy { rw };

  Section            Kind         Address    Size  Object
  -------            ----         -------    ----  ------
"A0":                                       0x188
  .intvec            ro code   0x800'0000   0x188  startup_stm32f40xx.o [1]
                             - 0x800'0188   0x188

"P1":                                      0x2110
  .text              ro code   0x800'0188   0xeaa  xprintffull_nomb.o [2]
  .text              ro code   0x800'1032    0x2a  copy_init3.o [4]
  .text              ro code   0x800'105c    0x16  strchr.o [4]
  .text              ro code   0x800'1072     0xa  xsprout.o [2]
  .text              ro code   0x800'107c    0x40  xfail_s.o [2]
  .text              ro code   0x800'10bc    0x36  strlen.o [4]
  .rodata            const     0x800'10f2     0x2  xlocale_c.o [2]
  .text              ro code   0x800'10f4    0x58  memchr.o [4]
  .text              ro code   0x800'114c    0xa6  ABImemcpy.o [4]
  .rodata            const     0x800'11f2     0x1  xlocale_c.o [2]
  .text              ro code   0x800'11f4    0x70  frexp.o [3]
  .text              ro code   0x800'1264    0x34  DblCmpLe.o [3]
  .text              ro code   0x800'1298    0x34  DblCmpGe.o [3]
  .text              ro code   0x800'12cc   0x13a  ldexp.o [3]
  .text              ro code   0x800'1408    0x36  DblToS32.o [3]
  .text              ro code   0x800'1440    0x22  S32ToDbl.o [3]
  .text              ro code   0x800'1464   0x24e  DblAddSub.o [3]
  .text              ro code   0x800'16b4   0x246  DblDiv.o [3]
  .text              ro code   0x800'18fc    0x22  DblToU32.o [3]
  .text              ro code   0x800'1920    0x1c  U32ToDbl.o [3]
  .text              ro code   0x800'193c   0x1aa  DblMul.o [3]
  .text              ro code   0x800'1ae8     0x8  xlocale_c.o [2]
  .text              ro code   0x800'1af0   0x230  I64DivMod.o [4]
  .text              ro code   0x800'1d20     0x6  abort.o [2]
  .text              ro code   0x800'1d28     0x2  I64DivZer.o [4]
  .text              ro code   0x800'1d2c     0xc  XXexit.o [4]
  .text              ro code   0x800'1d38   0x268  main.o [1]
  .text              ro code   0x800'1fa0    0x40  sprintf.o [2]
  .text              ro code   0x800'1fe0    0x38  zero_init3.o [4]
  Initializer bytes  const     0x800'2018    0x38  <for P2-1>
  .text              ro code   0x800'2050    0x28  data_init.o [4]
  .text              ro code   0x800'2078    0x22  fpinit_M.o [3]
  .iar.init_table    const     0x800'209c    0x24  - Linker created -
  .text              ro code   0x800'20c0    0x1e  cmain.o [4]
  .text              ro code   0x800'20de     0x4  low_level_init.o [2]
  .text              ro code   0x800'20e2     0x4  exit.o [2]
  .text              ro code   0x800'20e8     0xa  cexit.o [4]
  .text              ro code   0x800'20f4    0x1c  cstartup_M.o [4]
  .rodata            const     0x800'2110     0xc  main.o [1]
  .rodata            const     0x800'211c     0x8  main.o [1]
  .text              ro code   0x800'2124     0x8  startup_stm32f40xx.o [1]
  .text              ro code   0x800'212c     0x4  startup_stm32f40xx.o [1]
  .text              ro code   0x800'2130     0x4  startup_stm32f40xx.o [1]
  .text              ro code   0x800'2134     0x4  startup_stm32f40xx.o [1]
  .text              ro code   0x800'2138     0x4  startup_stm32f40xx.o [1]
  .text              ro code   0x800'213c     0x4  startup_stm32f40xx.o [1]
  .text              ro code   0x800'2140     0x4  startup_stm32f40xx.o [1]
  .text              ro code   0x800'2144     0x4  startup_stm32f40xx.o [1]
  .text              ro code   0x800'2148     0x4  startup_stm32f40xx.o [1]
  .text              ro code   0x800'214c     0x4  startup_stm32f40xx.o [1]
  .text              ro code   0x800'2150     0x4  startup_stm32f40xx.o [1]
  .text              ro code   0x800'2154     0x4  startup_stm32f40xx.o [1]
  .text              ro code   0x800'2158     0x4  startup_stm32f40xx.o [1]
  .text              ro code   0x800'215c     0x4  startup_stm32f40xx.o [1]
  .text              ro code   0x800'2160     0x4  startup_stm32f40xx.o [1]
  .text              ro code   0x800'2164     0x4  startup_stm32f40xx.o [1]
  .text              ro code   0x800'2168     0x4  startup_stm32f40xx.o [1]
  .text              ro code   0x800'216c     0x4  startup_stm32f40xx.o [1]
  .text              ro code   0x800'2170     0x4  startup_stm32f40xx.o [1]
  .text              ro code   0x800'2174     0x4  startup_stm32f40xx.o [1]
  .text              ro code   0x800'2178     0x4  startup_stm32f40xx.o [1]
  .text              ro code   0x800'217c     0x4  startup_stm32f40xx.o [1]
  .text              ro code   0x800'2180     0x4  startup_stm32f40xx.o [1]
  .text              ro code   0x800'2184     0x4  startup_stm32f40xx.o [1]
  .text              ro code   0x800'2188     0x4  startup_stm32f40xx.o [1]
  .text              ro code   0x800'218c     0x4  startup_stm32f40xx.o [1]
  .text              ro code   0x800'2190     0x4  startup_stm32f40xx.o [1]
  .text              ro code   0x800'2194     0x4  startup_stm32f40xx.o [1]
  .text              ro code   0x800'2198     0x4  startup_stm32f40xx.o [1]
  .text              ro code   0x800'219c     0x4  startup_stm32f40xx.o [1]
  .text              ro code   0x800'21a0     0x4  startup_stm32f40xx.o [1]
  .text              ro code   0x800'21a4     0x4  startup_stm32f40xx.o [1]
  .text              ro code   0x800'21a8     0x4  startup_stm32f40xx.o [1]
  .text              ro code   0x800'21ac     0x4  startup_stm32f40xx.o [1]
  .text              ro code   0x800'21b0     0x4  startup_stm32f40xx.o [1]
  .text              ro code   0x800'21b4     0x4  startup_stm32f40xx.o [1]
  .text              ro code   0x800'21b8     0x4  startup_stm32f40xx.o [1]
  .text              ro code   0x800'21bc     0x4  startup_stm32f40xx.o [1]
  .text              ro code   0x800'21c0     0x4  startup_stm32f40xx.o [1]
  .text              ro code   0x800'21c4     0x4  startup_stm32f40xx.o [1]
  .text              ro code   0x800'21c8     0x4  startup_stm32f40xx.o [1]
  .text              ro code   0x800'21cc     0x4  startup_stm32f40xx.o [1]
  .text              ro code   0x800'21d0     0x4  startup_stm32f40xx.o [1]
  .text              ro code   0x800'21d4     0x4  startup_stm32f40xx.o [1]
  .text              ro code   0x800'21d8     0x4  startup_stm32f40xx.o [1]
  .text              ro code   0x800'21dc     0x4  startup_stm32f40xx.o [1]
  .text              ro code   0x800'21e0     0x4  startup_stm32f40xx.o [1]
  .text              ro code   0x800'21e4     0x4  startup_stm32f40xx.o [1]
  .text              ro code   0x800'21e8     0x4  startup_stm32f40xx.o [1]
  .text              ro code   0x800'21ec     0x4  startup_stm32f40xx.o [1]
  .text              ro code   0x800'21f0     0x4  startup_stm32f40xx.o [1]
  .text              ro code   0x800'21f4     0x4  startup_stm32f40xx.o [1]
  .text              ro code   0x800'21f8     0x4  startup_stm32f40xx.o [1]
  .text              ro code   0x800'21fc     0x4  startup_stm32f40xx.o [1]
  .text              ro code   0x800'2200     0x4  startup_stm32f40xx.o [1]
  .text              ro code   0x800'2204     0x4  startup_stm32f40xx.o [1]
  .text              ro code   0x800'2208     0x4  startup_stm32f40xx.o [1]
  .text              ro code   0x800'220c     0x4  startup_stm32f40xx.o [1]
  .text              ro code   0x800'2210     0x4  startup_stm32f40xx.o [1]
  .text              ro code   0x800'2214     0x4  startup_stm32f40xx.o [1]
  .text              ro code   0x800'2218     0x4  startup_stm32f40xx.o [1]
  .text              ro code   0x800'221c     0x4  startup_stm32f40xx.o [1]
  .text              ro code   0x800'2220     0x4  startup_stm32f40xx.o [1]
  .text              ro code   0x800'2224     0x4  startup_stm32f40xx.o [1]
  .text              ro code   0x800'2228     0x4  startup_stm32f40xx.o [1]
  .text              ro code   0x800'222c     0x4  startup_stm32f40xx.o [1]
  .text              ro code   0x800'2230     0x4  startup_stm32f40xx.o [1]
  .text              ro code   0x800'2234     0x4  startup_stm32f40xx.o [1]
  .text              ro code   0x800'2238     0x4  startup_stm32f40xx.o [1]
  .text              ro code   0x800'223c     0x4  startup_stm32f40xx.o [1]
  .text              ro code   0x800'2240     0x4  startup_stm32f40xx.o [1]
  .text              ro code   0x800'2244     0x4  startup_stm32f40xx.o [1]
  .text              ro code   0x800'2248     0x4  startup_stm32f40xx.o [1]
  .text              ro code   0x800'224c     0x4  startup_stm32f40xx.o [1]
  .text              ro code   0x800'2250     0x4  startup_stm32f40xx.o [1]
  .text              ro code   0x800'2254     0x4  startup_stm32f40xx.o [1]
  .text              ro code   0x800'2258     0x4  startup_stm32f40xx.o [1]
  .text              ro code   0x800'225c     0x4  startup_stm32f40xx.o [1]
  .text              ro code   0x800'2260     0x4  startup_stm32f40xx.o [1]
  .text              ro code   0x800'2264     0x4  startup_stm32f40xx.o [1]
  .text              ro code   0x800'2268     0x4  startup_stm32f40xx.o [1]
  .text              ro code   0x800'226c     0x4  startup_stm32f40xx.o [1]
  .text              ro code   0x800'2270     0x4  startup_stm32f40xx.o [1]
  .text              ro code   0x800'2274     0x4  startup_stm32f40xx.o [1]
  .text              ro code   0x800'2278     0x4  startup_stm32f40xx.o [1]
  .text              ro code   0x800'227c     0x4  startup_stm32f40xx.o [1]
  .text              ro code   0x800'2280     0x4  startup_stm32f40xx.o [1]
  .text              ro code   0x800'2284     0x4  startup_stm32f40xx.o [1]
  .text              ro code   0x800'2288     0x4  startup_stm32f40xx.o [1]
  .text              ro code   0x800'228c     0x4  startup_stm32f40xx.o [1]
  .text              ro code   0x800'2290     0x4  startup_stm32f40xx.o [1]
  .text              ro code   0x800'2294     0x4  startup_stm32f40xx.o [1]
  .rodata            const     0x800'2298     0x0  zero_init3.o [4]
  .rodata            const     0x800'2298     0x0  copy_init3.o [4]
                             - 0x800'2298  0x2110

"P2", part 1 of 3:                           0x38
  P2-1                        0x2000'0000    0x38  <Init block>
    .data            inited   0x2000'0000    0x38  xlocale_c.o [2]
                            - 0x2000'0038    0x38

"P2", part 2 of 3:                           0xb0
  .bss               zero     0x2000'0038    0x80  main.o [1]
  .bss               zero     0x2000'00b8    0x18  main.o [1]
  .bss               zero     0x2000'00d0     0x8  main.o [1]
  .bss               zero     0x2000'00d8     0x4  main.o [1]
  .bss               zero     0x2000'00dc     0x4  main.o [1]
  .bss               zero     0x2000'00e0     0x4  main.o [1]
  .bss               zero     0x2000'00e4     0x4  xfail_s.o [2]
                            - 0x2000'00e8    0xb0

"P2", part 3 of 3:                         0x2000
  CSTACK                      0x2000'00e8  0x2000  <Block>
    CSTACK           uninit   0x2000'00e8  0x2000  <Block tail>
                            - 0x2000'20e8  0x2000

Unused ranges:

         From           To      Size
         ----           --      ----
   0x800'2298   0x803'ffff  0x3'dd68
  0x2000'20e8  0x2000'ffff    0xdf18


*******************************************************************************
*** INIT TABLE
***

          Address      Size
          -------      ----
Zero (__iar_zero_init3)
    1 destination range, total size 0xb0:
          0x2000'0038  0xb0

Copy (__iar_copy_init3)
    1 source range, total size 0x38:
           0x800'2018  0x38
    1 destination range, total size 0x38:
          0x2000'0000  0x38



*******************************************************************************
*** MODULE SUMMARY
***

    Module                ro code  ro data  rw data
    ------                -------  -------  -------
command line/config:
    -----------------------------------------------
    Total:

C:\Users\monke\Desktop\датчики stm32\Debug\Obj: [1]
    main.o                    616       20      172
    startup_stm32f40xx.o      764
    -----------------------------------------------
    Total:                  1'380       20      172

dl7M_tlf.a: [2]
    abort.o                     6
    exit.o                      4
    low_level_init.o            4
    sprintf.o                  64
    xfail_s.o                  64                 4
    xlocale_c.o                 8       59       56
    xprintffull_nomb.o      3'754
    xsprout.o                  10
    -----------------------------------------------
    Total:                  3'914       59       60

m7M_tls.a: [3]
    DblAddSub.o               590
    DblCmpGe.o                 52
    DblCmpLe.o                 52
    DblDiv.o                  582
    DblMul.o                  426
    DblToS32.o                 54
    DblToU32.o                 34
    S32ToDbl.o                 34
    U32ToDbl.o                 28
    fpinit_M.o                 34
    frexp.o                   112
    ldexp.o                   314
    -----------------------------------------------
    Total:                  2'312

rt7M_tl.a: [4]
    ABImemcpy.o               166
    I64DivMod.o               560
    I64DivZer.o                 2
    XXexit.o                   12
    cexit.o                    10
    cmain.o                    30
    copy_init3.o               42
    cstartup_M.o               28
    data_init.o                40
    memchr.o                   88
    strchr.o                   22
    strlen.o                   54
    zero_init3.o               56
    -----------------------------------------------
    Total:                  1'110

    Gaps                       23        2
    Linker created                      36    8'192
---------------------------------------------------
    Grand Total:            8'739      117    8'424


*******************************************************************************
*** ENTRY LIST
***

Entry                       Address   Size  Type      Object
-----                       -------   ----  ----      ------
.iar.init_table$$Base    0x800'209c          --   Gb  - Linker created -
.iar.init_table$$Limit   0x800'20c0          --   Gb  - Linker created -
?main                    0x800'20c1         Code  Gb  cmain.o [4]
ADC_IRQHandler           0x800'2199         Code  Wk  startup_stm32f40xx.o [1]
AnalogRead(int)          0x800'1e19   0x2c  Code  Gb  main.o [1]
BusFault_Handler         0x800'2139         Code  Wk  startup_stm32f40xx.o [1]
CAN1_RX0_IRQHandler      0x800'21a1         Code  Wk  startup_stm32f40xx.o [1]
CAN1_RX1_IRQHandler      0x800'21a5         Code  Wk  startup_stm32f40xx.o [1]
CAN1_SCE_IRQHandler      0x800'21a9         Code  Wk  startup_stm32f40xx.o [1]
CAN1_TX_IRQHandler       0x800'219d         Code  Wk  startup_stm32f40xx.o [1]
CAN2_RX0_IRQHandler      0x800'2251         Code  Wk  startup_stm32f40xx.o [1]
CAN2_RX1_IRQHandler      0x800'2255         Code  Wk  startup_stm32f40xx.o [1]
CAN2_SCE_IRQHandler      0x800'2259         Code  Wk  startup_stm32f40xx.o [1]
CAN2_TX_IRQHandler       0x800'224d         Code  Wk  startup_stm32f40xx.o [1]
CRYP_IRQHandler          0x800'228d         Code  Wk  startup_stm32f40xx.o [1]
CSTACK$$Base            0x2000'00e8          --   Gb  - Linker created -
CSTACK$$Limit           0x2000'20e8          --   Gb  - Linker created -
DATA_Buffer             0x2000'0038   0x80  Data  Gb  main.o [1]
DATA_Head               0x2000'00d8    0x4  Data  Gb  main.o [1]
DCMI_IRQHandler          0x800'2289         Code  Wk  startup_stm32f40xx.o [1]
DMA1_Stream0_IRQHandler
                         0x800'217d         Code  Wk  startup_stm32f40xx.o [1]
DMA1_Stream1_IRQHandler
                         0x800'2181         Code  Wk  startup_stm32f40xx.o [1]
DMA1_Stream2_IRQHandler
                         0x800'2185         Code  Wk  startup_stm32f40xx.o [1]
DMA1_Stream3_IRQHandler
                         0x800'2189         Code  Wk  startup_stm32f40xx.o [1]
DMA1_Stream4_IRQHandler
                         0x800'218d         Code  Wk  startup_stm32f40xx.o [1]
DMA1_Stream5_IRQHandler
                         0x800'2191         Code  Wk  startup_stm32f40xx.o [1]
DMA1_Stream6_IRQHandler
                         0x800'2195         Code  Wk  startup_stm32f40xx.o [1]
DMA1_Stream7_IRQHandler
                         0x800'220d         Code  Wk  startup_stm32f40xx.o [1]
DMA2_Stream0_IRQHandler
                         0x800'2231         Code  Wk  startup_stm32f40xx.o [1]
DMA2_Stream1_IRQHandler
                         0x800'2235         Code  Wk  startup_stm32f40xx.o [1]
DMA2_Stream2_IRQHandler
                         0x800'2239         Code  Wk  startup_stm32f40xx.o [1]
DMA2_Stream3_IRQHandler
                         0x800'223d         Code  Wk  startup_stm32f40xx.o [1]
DMA2_Stream4_IRQHandler
                         0x800'2241         Code  Wk  startup_stm32f40xx.o [1]
DMA2_Stream5_IRQHandler
                         0x800'2261         Code  Wk  startup_stm32f40xx.o [1]
DMA2_Stream6_IRQHandler
                         0x800'2265         Code  Wk  startup_stm32f40xx.o [1]
DMA2_Stream7_IRQHandler
                         0x800'2269         Code  Wk  startup_stm32f40xx.o [1]
DebugMon_Handler         0x800'2145         Code  Wk  startup_stm32f40xx.o [1]
ETH_IRQHandler           0x800'2245         Code  Wk  startup_stm32f40xx.o [1]
ETH_WKUP_IRQHandler      0x800'2249         Code  Wk  startup_stm32f40xx.o [1]
EXTI0_IRQHandler         0x800'2169         Code  Wk  startup_stm32f40xx.o [1]
EXTI15_10_IRQHandler     0x800'21f1         Code  Wk  startup_stm32f40xx.o [1]
EXTI1_IRQHandler         0x800'216d         Code  Wk  startup_stm32f40xx.o [1]
EXTI2_IRQHandler         0x800'2171         Code  Wk  startup_stm32f40xx.o [1]
EXTI3_IRQHandler         0x800'2175         Code  Wk  startup_stm32f40xx.o [1]
EXTI4_IRQHandler         0x800'2179         Code  Wk  startup_stm32f40xx.o [1]
EXTI9_5_IRQHandler       0x800'21ad         Code  Wk  startup_stm32f40xx.o [1]
FLASH_IRQHandler         0x800'2161         Code  Wk  startup_stm32f40xx.o [1]
FPU_IRQHandler           0x800'2295         Code  Wk  startup_stm32f40xx.o [1]
FSMC_IRQHandler          0x800'2211         Code  Wk  startup_stm32f40xx.o [1]
HASH_RNG_IRQHandler      0x800'2291         Code  Wk  startup_stm32f40xx.o [1]
HardFault_Handler        0x800'2131         Code  Wk  startup_stm32f40xx.o [1]
I2C1_ER_IRQHandler       0x800'21d1         Code  Wk  startup_stm32f40xx.o [1]
I2C1_EV_IRQHandler       0x800'21cd         Code  Wk  startup_stm32f40xx.o [1]
I2C2_ER_IRQHandler       0x800'21d9         Code  Wk  startup_stm32f40xx.o [1]
I2C2_EV_IRQHandler       0x800'21d5         Code  Wk  startup_stm32f40xx.o [1]
I2C3_ER_IRQHandler       0x800'2275         Code  Wk  startup_stm32f40xx.o [1]
I2C3_EV_IRQHandler       0x800'2271         Code  Wk  startup_stm32f40xx.o [1]
MemManage_Handler        0x800'2135         Code  Wk  startup_stm32f40xx.o [1]
NMI_Handler              0x800'212d         Code  Wk  startup_stm32f40xx.o [1]
OTG_FS_IRQHandler        0x800'225d         Code  Wk  startup_stm32f40xx.o [1]
OTG_FS_WKUP_IRQHandler   0x800'21f9         Code  Wk  startup_stm32f40xx.o [1]
OTG_HS_EP1_IN_IRQHandler
                         0x800'227d         Code  Wk  startup_stm32f40xx.o [1]
OTG_HS_EP1_OUT_IRQHandler
                         0x800'2279         Code  Wk  startup_stm32f40xx.o [1]
OTG_HS_IRQHandler        0x800'2285         Code  Wk  startup_stm32f40xx.o [1]
OTG_HS_WKUP_IRQHandler   0x800'2281         Code  Wk  startup_stm32f40xx.o [1]
PVD_IRQHandler           0x800'2155         Code  Wk  startup_stm32f40xx.o [1]
PendSV_Handler           0x800'2149         Code  Wk  startup_stm32f40xx.o [1]
RCC_IRQHandler           0x800'2165         Code  Wk  startup_stm32f40xx.o [1]
RTC_Alarm_IRQHandler     0x800'21f5         Code  Wk  startup_stm32f40xx.o [1]
RTC_WKUP_IRQHandler      0x800'215d         Code  Wk  startup_stm32f40xx.o [1]
Region$$Table$$Base      0x800'209c          --   Gb  - Linker created -
Region$$Table$$Limit     0x800'20c0          --   Gb  - Linker created -
Reset_Handler            0x800'2125         Code  Wk  startup_stm32f40xx.o [1]
SDIO_IRQHandler          0x800'2215         Code  Wk  startup_stm32f40xx.o [1]
SPI1_IRQHandler          0x800'21dd         Code  Wk  startup_stm32f40xx.o [1]
SPI2_IRQHandler          0x800'21e1         Code  Wk  startup_stm32f40xx.o [1]
SPI3_IRQHandler          0x800'221d         Code  Wk  startup_stm32f40xx.o [1]
SVC_Handler              0x800'2141         Code  Wk  startup_stm32f40xx.o [1]
SetAltFunc(GPIO_TypeDef *, int, int)
                         0x800'1d79   0x56  Code  Gb  main.o [1]
SysTick_Handler          0x800'214d         Code  Wk  startup_stm32f40xx.o [1]
TAMP_STAMP_IRQHandler    0x800'2159         Code  Wk  startup_stm32f40xx.o [1]
TIM1_BRK_TIM9_IRQHandler
                         0x800'21b1         Code  Wk  startup_stm32f40xx.o [1]
TIM1_CC_IRQHandler       0x800'21bd         Code  Wk  startup_stm32f40xx.o [1]
TIM1_TRG_COM_TIM11_IRQHandler
                         0x800'21b9         Code  Wk  startup_stm32f40xx.o [1]
TIM1_UP_TIM10_IRQHandler
                         0x800'21b5         Code  Wk  startup_stm32f40xx.o [1]
TIM2_IRQHandler          0x800'21c1         Code  Wk  startup_stm32f40xx.o [1]
TIM3_IRQHandler          0x800'21c5         Code  Wk  startup_stm32f40xx.o [1]
TIM4_IRQHandler          0x800'21c9         Code  Wk  startup_stm32f40xx.o [1]
TIM5_IRQHandler          0x800'2219         Code  Wk  startup_stm32f40xx.o [1]
TIM6_DAC_IRQHandler      0x800'2229         Code  Wk  startup_stm32f40xx.o [1]
TIM7_IRQHandler          0x800'222d         Code  Wk  startup_stm32f40xx.o [1]
TIM8_BRK_TIM12_IRQHandler
                         0x800'21fd         Code  Wk  startup_stm32f40xx.o [1]
TIM8_CC_IRQHandler       0x800'2209         Code  Wk  startup_stm32f40xx.o [1]
TIM8_TRG_COM_TIM14_IRQHandler
                         0x800'2205         Code  Wk  startup_stm32f40xx.o [1]
TIM8_UP_TIM13_IRQHandler
                         0x800'2201         Code  Wk  startup_stm32f40xx.o [1]
UART2_Send(char *, int)
                         0x800'1df3   0x24  Code  Gb  main.o [1]
UART4_IRQHandler         0x800'2221         Code  Wk  startup_stm32f40xx.o [1]
UART5_IRQHandler         0x800'2225         Code  Wk  startup_stm32f40xx.o [1]
USART1_IRQHandler        0x800'21e5         Code  Wk  startup_stm32f40xx.o [1]
USART2_IRQHandler        0x800'1dcf   0x24  Code  Gb  main.o [1]
USART3_IRQHandler        0x800'21ed         Code  Wk  startup_stm32f40xx.o [1]
USART6_IRQHandler        0x800'226d         Code  Wk  startup_stm32f40xx.o [1]
UsageFault_Handler       0x800'213d         Code  Wk  startup_stm32f40xx.o [1]
WWDG_IRQHandler          0x800'2151         Code  Wk  startup_stm32f40xx.o [1]
[local to main_cpp]::__NVIC_EnableIRQ(IRQn)
                         0x800'1d39   0x1c  Code  Lc  main.o [1]
[local to main_cpp]::__NVIC_SetPriority(IRQn, unsigned int)
                         0x800'1d55   0x24  Code  Lc  main.o [1]
_LC                      0x800'0189    0x6  Code  Lc  xprintffull_nomb.o [2]
_LitobFullNoMb           0x800'0e51  0x114  Code  Lc  xprintffull_nomb.o [2]
_Locale_lconv           0x2000'0000   0x38  Data  Lc  xlocale_c.o [2]
_PrintfFullNoMb          0x800'018f  0xc92  Code  Gb  xprintffull_nomb.o [2]
_PutcharsFullNoMb        0x800'0fbd   0x2e  Code  Lc  xprintffull_nomb.o [2]
_SProut                  0x800'1073    0xa  Code  Gb  xsprout.o [2]
__aeabi_cdcmple          0x800'1265         Code  Gb  DblCmpLe.o [3]
__aeabi_cdrcmple         0x800'1299         Code  Gb  DblCmpGe.o [3]
__aeabi_d2iz             0x800'1409         Code  Gb  DblToS32.o [3]
__aeabi_d2uiz            0x800'18fd         Code  Gb  DblToU32.o [3]
__aeabi_ddiv             0x800'16b5         Code  Gb  DblDiv.o [3]
__aeabi_dmul             0x800'193d         Code  Gb  DblMul.o [3]
__aeabi_dsub             0x800'15d1         Code  Gb  DblAddSub.o [3]
__aeabi_i2d              0x800'1441         Code  Gb  S32ToDbl.o [3]
__aeabi_ldiv0            0x800'1d29         Code  Gb  I64DivZer.o [4]
__aeabi_memcpy           0x800'114d         Code  Gb  ABImemcpy.o [4]
__aeabi_memcpy4          0x800'116d         Code  Gb  ABImemcpy.o [4]
__aeabi_memcpy8          0x800'116d         Code  Gb  ABImemcpy.o [4]
__aeabi_ui2d             0x800'1921         Code  Gb  U32ToDbl.o [3]
__aeabi_uldivmod         0x800'1af1         Code  Gb  I64DivMod.o [4]
__cmain                  0x800'20c1         Code  Gb  cmain.o [4]
__exit                   0x800'1d2d         Code  Gb  XXexit.o [4]
__iar_Fail_s             0x800'107d   0x1c  Code  Gb  xfail_s.o [2]
__iar_Memchr             0x800'10f5         Code  Gb  memchr.o [4]
__iar_Strchr             0x800'105d         Code  Gb  strchr.o [4]
__iar_copy_init3         0x800'1033   0x2a  Code  Gb  copy_init3.o [4]
__iar_data_init3         0x800'2051   0x28  Code  Gb  data_init.o [4]
__iar_frexp              0x800'1201         Code  Gb  frexp.o [3]
__iar_frexpl             0x800'1201         Code  Gb  frexp.o [3]
__iar_init_vfp           0x800'2079         Code  Gb  fpinit_M.o [3]
__iar_ldexp64            0x800'12cd         Code  Gb  ldexp.o [3]
__iar_program_start      0x800'20f5         Code  Gb  cstartup_M.o [4]
__iar_scalbln64          0x800'12cd         Code  Gb  ldexp.o [3]
__iar_scalbn64           0x800'12cd         Code  Gb  ldexp.o [3]
__iar_softfp___iar_frexp64
                         0x800'11f5         Code  Gb  frexp.o [3]
__iar_softfp_frexp       0x800'11f5         Code  Gb  frexp.o [3]
__iar_softfp_frexpl      0x800'11f5         Code  Gb  frexp.o [3]
__iar_zero_init3         0x800'1fe1   0x38  Code  Gb  zero_init3.o [4]
__low_level_init         0x800'20df    0x4  Code  Gb  low_level_init.o [2]
__vector_table           0x800'0000         Data  Gb  startup_stm32f40xx.o [1]
_call_main               0x800'20cd         Code  Gb  cmain.o [4]
_exit                    0x800'20e9         Code  Gb  cexit.o [4]
abort                    0x800'1d21    0x6  Code  Gb  abort.o [2]
cnt                     0x2000'00e0    0x4  Data  Gb  main.o [1]
data                    0x2000'00dc    0x4  Data  Gb  main.o [1]
exit                     0x800'20e3    0x4  Code  Gb  exit.o [2]
gas                     0x2000'00d0    0x8  Data  Gb  main.o [1]
gas_buffer              0x2000'00b8   0x18  Data  Gb  main.o [1]
ldexp                    0x800'12cd         Code  Gb  ldexp.o [3]
ldexpl                   0x800'12cd         Code  Gb  ldexp.o [3]
localeconv               0x800'1ae9    0x4  Code  Gb  xlocale_c.o [2]
main                     0x800'1e45   0xfc  Code  Gb  main.o [1]
memchr                   0x800'10f5         Code  Gb  memchr.o [4]
scalbln                  0x800'12cd         Code  Gb  ldexp.o [3]
scalblnl                 0x800'12cd         Code  Gb  ldexp.o [3]
scalbn                   0x800'12cd         Code  Gb  ldexp.o [3]
scalbnl                  0x800'12cd         Code  Gb  ldexp.o [3]
scale                    0x800'0f65   0x46  Code  Lc  xprintffull_nomb.o [2]
sec_hand                0x2000'00e4    0x4  Data  Lc  xfail_s.o [2]
sprintf                  0x800'1fa1   0x40  Code  Gb  sprintf.o [2]
strchr                   0x800'105d         Code  Gb  strchr.o [4]
strlen                   0x800'10bd         Code  Gb  strlen.o [4]


[1] = C:\Users\monke\Desktop\датчики stm32\Debug\Obj
[2] = dl7M_tlf.a
[3] = m7M_tls.a
[4] = rt7M_tl.a

  8'739 bytes of readonly  code memory
    117 bytes of readonly  data memory
  8'424 bytes of readwrite data memory

Errors: none
Warnings: none
